{
  "rows": [{
      "player": "player1",
      "choice": "5286fc7fdf6e7e08720a53cfd102b798396e343587efe44e2c5ec9532b4585b8",
      "actual_choice": "",
      "active": 1
    },{
      "player": "player4",
      "choice": "c282badd5835eaf472baedd9377d17aa9fa0373a43f6948aec26905d265ee447",
      "actual_choice": "",
      "active": 1
    },{
      "player": "player5",
      "choice": "4ffb56ebeaa8bde0c68a11b907b93a5bd721694cb58900d15822ae638ac9fd13",
      "actual_choice": "",
      "active": 1
    }
  ],
  "more": false,
  "next_key": ""
}
